00100010110 
00010000001
00010000101
01000100111
00001000101
01000110111 
00111111111
00111111101 
00000100101 
00001001111 
00001000101 
01001000111 
00011000101 
00000100111 
00010000111
11010001101
01010001111
00001011111
01001111111
01100000111
01100000111
00100011101
00110101111
10110000111
01011111111
00000000000
