11111001
01101110
11111001
01101110
11111001
01101110
11111001
01101110
11111001
01101110
11111001
01101110
11111001
01101110
11111001
